app/app/page.tsx(2,8): error TS1259: Module '"D:/cabipro/node_modules/@types/react/index"' can only be default-imported using the 'esModuleInterop' flag
app/app/page.tsx(37,21): error TS2307: Cannot find module '@/components/sidebar' or its corresponding type declarations.
app/app/page.tsx(38,23): error TS2307: Cannot find module '@/components/AppHeader' or its corresponding type declarations.
app/app/page.tsx(39,23): error TS2307: Cannot find module '@/components/SearchBar' or its corresponding type declarations.
app/app/page.tsx(183,3): error TS17004: Cannot use JSX unless the '--jsx' flag is provided.
app/app/page.tsx(189,5): error TS17004: Cannot use JSX unless the '--jsx' flag is provided.
app/app/page.tsx(190,7): error TS17004: Cannot use JSX unless the '--jsx' flag is provided.
app/app/page.tsx(191,9): error TS17004: Cannot use JSX unless the '--jsx' flag is provided.
app/app/page.tsx(194,9): error TS17004: Cannot use JSX unless the '--jsx' flag is provided.
app/app/page.tsx(199,11): error TS17004: Cannot use JSX unless the '--jsx' flag is provided.
app/app/page.tsx(202,7): error TS17004: Cannot use JSX unless the '--jsx' flag is provided.
app/app/page.tsx(205,9): error TS17004: Cannot use JSX unless the '--jsx' flag is provided.
app/app/page.tsx(217,3): error TS17004: Cannot use JSX unless the '--jsx' flag is provided.
app/app/page.tsx(220,5): error TS17004: Cannot use JSX unless the '--jsx' flag is provided.
app/app/page.tsx(221,7): error TS17004: Cannot use JSX unless the '--jsx' flag is provided.
app/app/page.tsx(223,5): error TS17004: Cannot use JSX unless the '--jsx' flag is provided.
app/app/page.tsx(752,5): error TS17004: Cannot use JSX unless the '--jsx' flag is provided.
app/app/page.tsx(753,7): error TS17004: Cannot use JSX unless the '--jsx' flag is provided.
app/app/page.tsx(754,7): error TS17004: Cannot use JSX unless the '--jsx' flag is provided.
app/app/page.tsx(755,9): error TS17004: Cannot use JSX unless the '--jsx' flag is provided.
app/app/page.tsx(756,9): error TS17004: Cannot use JSX unless the '--jsx' flag is provided.
app/app/page.tsx(757,11): error TS17004: Cannot use JSX unless the '--jsx' flag is provided.
app/app/page.tsx(759,15): error TS17004: Cannot use JSX unless the '--jsx' flag is provided.
app/app/page.tsx(760,17): error TS17004: Cannot use JSX unless the '--jsx' flag is provided.
app/app/page.tsx(761,19): error TS17004: Cannot use JSX unless the '--jsx' flag is provided.
app/app/page.tsx(762,19): error TS17004: Cannot use JSX unless the '--jsx' flag is provided.
app/app/page.tsx(768,15): error TS17004: Cannot use JSX unless the '--jsx' flag is provided.
app/app/page.tsx(769,17): error TS17004: Cannot use JSX unless the '--jsx' flag is provided.
app/app/page.tsx(770,19): error TS17004: Cannot use JSX unless the '--jsx' flag is provided.
app/app/page.tsx(771,19): error TS17004: Cannot use JSX unless the '--jsx' flag is provided.
app/app/page.tsx(774,19): error TS17004: Cannot use JSX unless the '--jsx' flag is provided.
app/app/page.tsx(785,15): error TS17004: Cannot use JSX unless the '--jsx' flag is provided.
app/app/page.tsx(787,17): error TS17004: Cannot use JSX unless the '--jsx' flag is provided.
app/app/page.tsx(788,19): error TS17004: Cannot use JSX unless the '--jsx' flag is provided.
app/app/page.tsx(789,21): error TS17004: Cannot use JSX unless the '--jsx' flag is provided.
app/app/page.tsx(790,23): error TS17004: Cannot use JSX unless the '--jsx' flag is provided.
app/app/page.tsx(791,25): error TS17004: Cannot use JSX unless the '--jsx' flag is provided.
app/app/page.tsx(794,25): error TS17004: Cannot use JSX unless the '--jsx' flag is provided.
app/app/page.tsx(796,29): error TS17004: Cannot use JSX unless the '--jsx' flag is provided.
app/app/page.tsx(805,21): error TS17004: Cannot use JSX unless the '--jsx' flag is provided.
app/app/page.tsx(806,23): error TS17004: Cannot use JSX unless the '--jsx' flag is provided.
app/app/page.tsx(811,19): error TS17004: Cannot use JSX unless the '--jsx' flag is provided.
app/app/page.tsx(812,21): error TS17004: Cannot use JSX unless the '--jsx' flag is provided.
app/app/page.tsx(815,23): error TS17004: Cannot use JSX unless the '--jsx' flag is provided.
app/app/page.tsx(816,25): error TS17004: Cannot use JSX unless the '--jsx' flag is provided.
app/app/page.tsx(817,25): error TS17004: Cannot use JSX unless the '--jsx' flag is provided.
app/app/page.tsx(820,23): error TS17004: Cannot use JSX unless the '--jsx' flag is provided.
app/app/page.tsx(826,25): error TS17004: Cannot use JSX unless the '--jsx' flag is provided.
app/app/page.tsx(827,27): error TS17004: Cannot use JSX unless the '--jsx' flag is provided.
app/app/page.tsx(828,27): error TS17004: Cannot use JSX unless the '--jsx' flag is provided.
app/app/page.tsx(835,25): error TS17004: Cannot use JSX unless the '--jsx' flag is provided.
app/app/page.tsx(836,25): error TS17004: Cannot use JSX unless the '--jsx' flag is provided.
app/app/page.tsx(837,27): error TS17004: Cannot use JSX unless the '--jsx' flag is provided.
app/app/page.tsx(838,27): error TS17004: Cannot use JSX unless the '--jsx' flag is provided.
app/app/page.tsx(845,25): error TS17004: Cannot use JSX unless the '--jsx' flag is provided.
app/app/page.tsx(846,25): error TS17004: Cannot use JSX unless the '--jsx' flag is provided.
app/app/page.tsx(858,23): error TS17004: Cannot use JSX unless the '--jsx' flag is provided.
app/app/page.tsx(868,25): error TS17004: Cannot use JSX unless the '--jsx' flag is provided.
app/app/page.tsx(873,21): error TS17004: Cannot use JSX unless the '--jsx' flag is provided.
app/app/page.tsx(874,23): error TS17004: Cannot use JSX unless the '--jsx' flag is provided.
app/app/page.tsx(885,25): error TS17004: Cannot use JSX unless the '--jsx' flag is provided.
app/app/page.tsx(888,25): error TS17004: Cannot use JSX unless the '--jsx' flag is provided.
app/app/page.tsx(889,27): error TS17004: Cannot use JSX unless the '--jsx' flag is provided.
app/app/page.tsx(903,29): error TS17004: Cannot use JSX unless the '--jsx' flag is provided.
app/app/page.tsx(922,21): error TS17004: Cannot use JSX unless the '--jsx' flag is provided.
app/app/page.tsx(923,23): error TS17004: Cannot use JSX unless the '--jsx' flag is provided.
app/app/page.tsx(941,25): error TS17004: Cannot use JSX unless the '--jsx' flag is provided.
app/app/page.tsx(945,27): error TS17004: Cannot use JSX unless the '--jsx' flag is provided.
app/app/page.tsx(946,29): error TS17004: Cannot use JSX unless the '--jsx' flag is provided.
app/app/page.tsx(960,31): error TS17004: Cannot use JSX unless the '--jsx' flag is provided.
app/app/page.tsx(978,21): error TS17004: Cannot use JSX unless the '--jsx' flag is provided.
app/app/page.tsx(984,23): error TS17004: Cannot use JSX unless the '--jsx' flag is provided.
app/app/page.tsx(990,17): error TS17004: Cannot use JSX unless the '--jsx' flag is provided.
app/app/page.tsx(991,19): error TS17004: Cannot use JSX unless the '--jsx' flag is provided.
app/app/page.tsx(993,21): error TS17004: Cannot use JSX unless the '--jsx' flag is provided.
app/app/page.tsx(994,23): error TS17004: Cannot use JSX unless the '--jsx' flag is provided.
app/app/page.tsx(1002,23): error TS17004: Cannot use JSX unless the '--jsx' flag is provided.
app/app/page.tsx(1009,23): error TS17004: Cannot use JSX unless the '--jsx' flag is provided.
app/app/page.tsx(1019,23): error TS17004: Cannot use JSX unless the '--jsx' flag is provided.
app/app/page.tsx(1029,23): error TS17004: Cannot use JSX unless the '--jsx' flag is provided.
app/app/page.tsx(1039,21): error TS17004: Cannot use JSX unless the '--jsx' flag is provided.
app/app/page.tsx(1041,25): error TS17004: Cannot use JSX unless the '--jsx' flag is provided.
app/app/page.tsx(1042,27): error TS17004: Cannot use JSX unless the '--jsx' flag is provided.
app/app/page.tsx(1043,29): error TS17004: Cannot use JSX unless the '--jsx' flag is provided.
app/app/page.tsx(1044,31): error TS17004: Cannot use JSX unless the '--jsx' flag is provided.
app/app/page.tsx(1045,33): error TS17004: Cannot use JSX unless the '--jsx' flag is provided.
app/app/page.tsx(1048,33): error TS17004: Cannot use JSX unless the '--jsx' flag is provided.
app/app/page.tsx(1051,33): error TS17004: Cannot use JSX unless the '--jsx' flag is provided.
app/app/page.tsx(1054,33): error TS17004: Cannot use JSX unless the '--jsx' flag is provided.
app/app/page.tsx(1057,33): error TS17004: Cannot use JSX unless the '--jsx' flag is provided.
app/app/page.tsx(1062,29): error TS17004: Cannot use JSX unless the '--jsx' flag is provided.
app/app/page.tsx(1067,35): error TS17004: Cannot use JSX unless the '--jsx' flag is provided.
app/app/page.tsx(1071,37): error TS17004: Cannot use JSX unless the '--jsx' flag is provided.
app/app/page.tsx(1072,39): error TS17004: Cannot use JSX unless the '--jsx' flag is provided.
app/app/page.tsx(1073,41): error TS17004: Cannot use JSX unless the '--jsx' flag is provided.
app/app/page.tsx(1074,41): error TS17004: Cannot use JSX unless the '--jsx' flag is provided.
app/app/page.tsx(1079,37): error TS17004: Cannot use JSX unless the '--jsx' flag is provided.
app/app/page.tsx(1081,41): error TS17004: Cannot use JSX unless the '--jsx' flag is provided.
app/app/page.tsx(1082,43): error TS17004: Cannot use JSX unless the '--jsx' flag is provided.
app/app/page.tsx(1085,43): error TS17004: Cannot use JSX unless the '--jsx' flag is provided.
app/app/page.tsx(1088,43): error TS17004: Cannot use JSX unless the '--jsx' flag is provided.
app/app/page.tsx(1094,37): error TS17004: Cannot use JSX unless the '--jsx' flag is provided.
app/app/page.tsx(1095,39): error TS17004: Cannot use JSX unless the '--jsx' flag is provided.
app/app/page.tsx(1103,37): error TS17004: Cannot use JSX unless the '--jsx' flag is provided.
app/app/page.tsx(1116,37): error TS17004: Cannot use JSX unless the '--jsx' flag is provided.
app/app/page.tsx(1117,39): error TS17004: Cannot use JSX unless the '--jsx' flag is provided.
app/app/page.tsx(1120,41): error TS17004: Cannot use JSX unless the '--jsx' flag is provided.
app/app/page.tsx(1131,25): error TS17004: Cannot use JSX unless the '--jsx' flag is provided.
app/app/page.tsx(1138,19): error TS17004: Cannot use JSX unless the '--jsx' flag is provided.
app/app/page.tsx(1140,21): error TS17004: Cannot use JSX unless the '--jsx' flag is provided.
app/app/page.tsx(1141,23): error TS17004: Cannot use JSX unless the '--jsx' flag is provided.
app/app/page.tsx(1142,25): error TS17004: Cannot use JSX unless the '--jsx' flag is provided.
app/app/page.tsx(1145,25): error TS17004: Cannot use JSX unless the '--jsx' flag is provided.
app/app/page.tsx(1147,23): error TS17004: Cannot use JSX unless the '--jsx' flag is provided.
app/app/page.tsx(1151,29): error TS17004: Cannot use JSX unless the '--jsx' flag is provided.
app/app/page.tsx(1155,31): error TS17004: Cannot use JSX unless the '--jsx' flag is provided.
app/app/page.tsx(1156,33): error TS17004: Cannot use JSX unless the '--jsx' flag is provided.
app/app/page.tsx(1157,35): error TS17004: Cannot use JSX unless the '--jsx' flag is provided.
app/app/page.tsx(1164,35): error TS17004: Cannot use JSX unless the '--jsx' flag is provided.
app/app/page.tsx(1168,33): error TS17004: Cannot use JSX unless the '--jsx' flag is provided.
app/app/page.tsx(1169,35): error TS17004: Cannot use JSX unless the '--jsx' flag is provided.
app/app/page.tsx(1172,35): error TS17004: Cannot use JSX unless the '--jsx' flag is provided.
app/app/page.tsx(1173,37): error TS17004: Cannot use JSX unless the '--jsx' flag is provided.
app/app/page.tsx(1182,37): error TS17004: Cannot use JSX unless the '--jsx' flag is provided.
app/app/page.tsx(1184,41): error TS17004: Cannot use JSX unless the '--jsx' flag is provided.
app/app/page.tsx(1192,41): error TS17004: Cannot use JSX unless the '--jsx' flag is provided.
app/app/page.tsx(1200,39): error TS17004: Cannot use JSX unless the '--jsx' flag is provided.
app/app/page.tsx(1201,41): error TS17004: Cannot use JSX unless the '--jsx' flag is provided.
app/app/page.tsx(1205,47): error TS17004: Cannot use JSX unless the '--jsx' flag is provided.
app/app/page.tsx(1211,51): error TS17004: Cannot use JSX unless the '--jsx' flag is provided.
app/app/page.tsx(1219,51): error TS17004: Cannot use JSX unless the '--jsx' flag is provided.
app/app/page.tsx(1220,53): error TS17004: Cannot use JSX unless the '--jsx' flag is provided.
app/app/page.tsx(1233,43): error TS17004: Cannot use JSX unless the '--jsx' flag is provided.
app/app/page.tsx(1237,41): error TS17004: Cannot use JSX unless the '--jsx' flag is provided.
app/app/page.tsx(1241,47): error TS17004: Cannot use JSX unless the '--jsx' flag is provided.
app/app/page.tsx(1257,27): error TS17004: Cannot use JSX unless the '--jsx' flag is provided.
app/app/page.tsx(1258,29): error TS17004: Cannot use JSX unless the '--jsx' flag is provided.
app/app/page.tsx(1264,23): error TS17004: Cannot use JSX unless the '--jsx' flag is provided.
app/app/page.tsx(1265,25): error TS17004: Cannot use JSX unless the '--jsx' flag is provided.
app/app/page.tsx(1277,17): error TS17004: Cannot use JSX unless the '--jsx' flag is provided.
app/app/page.tsx(1279,19): error TS17004: Cannot use JSX unless the '--jsx' flag is provided.
app/app/page.tsx(1281,23): error TS17004: Cannot use JSX unless the '--jsx' flag is provided.
app/app/page.tsx(1282,25): error TS17004: Cannot use JSX unless the '--jsx' flag is provided.
app/app/page.tsx(1288,23): error TS17004: Cannot use JSX unless the '--jsx' flag is provided.
app/app/page.tsx(1295,19): error TS17004: Cannot use JSX unless the '--jsx' flag is provided.
app/app/page.tsx(1297,23): error TS17004: Cannot use JSX unless the '--jsx' flag is provided.
app/app/page.tsx(1298,25): error TS17004: Cannot use JSX unless the '--jsx' flag is provided.
app/app/page.tsx(1304,23): error TS17004: Cannot use JSX unless the '--jsx' flag is provided.
app/app/page.tsx(1311,19): error TS17004: Cannot use JSX unless the '--jsx' flag is provided.
app/app/page.tsx(1313,23): error TS17004: Cannot use JSX unless the '--jsx' flag is provided.
app/app/page.tsx(1314,25): error TS17004: Cannot use JSX unless the '--jsx' flag is provided.
app/app/page.tsx(1320,23): error TS17004: Cannot use JSX unless the '--jsx' flag is provided.
app/app/page.tsx(1328,17): error TS17004: Cannot use JSX unless the '--jsx' flag is provided.
app/app/page.tsx(1330,19): error TS17004: Cannot use JSX unless the '--jsx' flag is provided.
app/app/page.tsx(1333,23): error TS17004: Cannot use JSX unless the '--jsx' flag is provided.
app/app/page.tsx(1334,25): error TS17004: Cannot use JSX unless the '--jsx' flag is provided.
app/app/page.tsx(1335,27): error TS17004: Cannot use JSX unless the '--jsx' flag is provided.
app/app/page.tsx(1336,29): error TS17004: Cannot use JSX unless the '--jsx' flag is provided.
app/app/page.tsx(1337,31): error TS17004: Cannot use JSX unless the '--jsx' flag is provided.
app/app/page.tsx(1340,31): error TS17004: Cannot use JSX unless the '--jsx' flag is provided.
app/app/page.tsx(1343,31): error TS17004: Cannot use JSX unless the '--jsx' flag is provided.
app/app/page.tsx(1346,31): error TS17004: Cannot use JSX unless the '--jsx' flag is provided.
app/app/page.tsx(1351,27): error TS17004: Cannot use JSX unless the '--jsx' flag is provided.
app/app/page.tsx(1353,31): error TS17004: Cannot use JSX unless the '--jsx' flag is provided.
app/app/page.tsx(1357,33): error TS17004: Cannot use JSX unless the '--jsx' flag is provided.
app/app/page.tsx(1358,35): error TS17004: Cannot use JSX unless the '--jsx' flag is provided.
app/app/page.tsx(1362,33): error TS17004: Cannot use JSX unless the '--jsx' flag is provided.
app/app/page.tsx(1363,35): error TS17004: Cannot use JSX unless the '--jsx' flag is provided.
app/app/page.tsx(1364,37): error TS17004: Cannot use JSX unless the '--jsx' flag is provided.
app/app/page.tsx(1365,37): error TS17004: Cannot use JSX unless the '--jsx' flag is provided.
app/app/page.tsx(1370,33): error TS17004: Cannot use JSX unless the '--jsx' flag is provided.
app/app/page.tsx(1372,37): error TS17004: Cannot use JSX unless the '--jsx' flag is provided.
app/app/page.tsx(1377,37): error TS17004: Cannot use JSX unless the '--jsx' flag is provided.
app/app/page.tsx(1382,37): error TS17004: Cannot use JSX unless the '--jsx' flag is provided.
app/app/page.tsx(1388,37): error TS17004: Cannot use JSX unless the '--jsx' flag is provided.
app/app/page.tsx(1393,37): error TS17004: Cannot use JSX unless the '--jsx' flag is provided.
app/app/page.tsx(1405,33): error TS17004: Cannot use JSX unless the '--jsx' flag is provided.
app/app/page.tsx(1414,23): error TS17004: Cannot use JSX unless the '--jsx' flag is provided.
app/app/page.tsx(1421,19): error TS17004: Cannot use JSX unless the '--jsx' flag is provided.
app/app/page.tsx(1423,23): error TS17004: Cannot use JSX unless the '--jsx' flag is provided.
app/app/page.tsx(1424,25): error TS17004: Cannot use JSX unless the '--jsx' flag is provided.
app/app/page.tsx(1428,23): error TS17004: Cannot use JSX unless the '--jsx' flag is provided.
app/app/page.tsx(1430,27): error TS17004: Cannot use JSX unless the '--jsx' flag is provided.
app/app/page.tsx(1434,29): error TS17004: Cannot use JSX unless the '--jsx' flag is provided.
app/app/page.tsx(1435,31): error TS17004: Cannot use JSX unless the '--jsx' flag is provided.
app/app/page.tsx(1437,29): error TS17004: Cannot use JSX unless the '--jsx' flag is provided.
app/app/page.tsx(1438,31): error TS17004: Cannot use JSX unless the '--jsx' flag is provided.
app/app/page.tsx(1439,33): error TS17004: Cannot use JSX unless the '--jsx' flag is provided.
app/app/page.tsx(1446,33): error TS17004: Cannot use JSX unless the '--jsx' flag is provided.
app/app/page.tsx(1450,31): error TS17004: Cannot use JSX unless the '--jsx' flag is provided.
app/app/page.tsx(1454,31): error TS17004: Cannot use JSX unless the '--jsx' flag is provided.
app/app/page.tsx(1455,33): error TS17004: Cannot use JSX unless the '--jsx' flag is provided.
app/app/page.tsx(1456,33): error TS17004: Cannot use JSX unless the '--jsx' flag is provided.
app/app/page.tsx(1467,23): error TS17004: Cannot use JSX unless the '--jsx' flag is provided.
node_modules/next/dist/build/templates/app-page.d.ts(3,25): error TS2307: Cannot find module 'VAR_MODULE_GLOBAL_ERROR' or its corresponding type declarations.
node_modules/next/dist/build/webpack-config.d.ts(10,104): error TS2694: Namespace '"D:/cabipro/node_modules/next/dist/compiled/webpack/webpack".webpack' has no exported member 'RuleSetUseItem'.
node_modules/next/dist/build/webpack/loaders/next-app-loader/index.d.ts(1,13): error TS2613: Module '"D:/cabipro/node_modules/next/dist/compiled/webpack/webpack"' has no default export. Did you mean to use 'import { webpack } from "D:/cabipro/node_modules/next/dist/compiled/webpack/webpack"' instead?
node_modules/next/dist/client/components/error-boundary.d.ts(1,8): error TS1259: Module '"D:/cabipro/node_modules/@types/react/index"' can only be default-imported using the 'esModuleInterop' flag
node_modules/next/dist/client/components/http-access-fallback/error-boundary.d.ts(11,8): error TS1259: Module '"D:/cabipro/node_modules/@types/react/index"' can only be default-imported using the 'esModuleInterop' flag
node_modules/next/dist/client/components/layout-router.d.ts(2,8): error TS1259: Module '"D:/cabipro/node_modules/@types/react/index"' can only be default-imported using the 'esModuleInterop' flag
node_modules/next/dist/client/with-router.d.ts(1,8): error TS1259: Module '"D:/cabipro/node_modules/@types/react/index"' can only be default-imported using the 'esModuleInterop' flag
node_modules/next/dist/lib/metadata/metadata.d.ts(1,8): error TS1259: Module '"D:/cabipro/node_modules/@types/react/index"' can only be default-imported using the 'esModuleInterop' flag
node_modules/next/dist/next-devtools/userspace/pages/pages-dev-overlay-setup.d.ts(1,8): error TS1259: Module '"D:/cabipro/node_modules/@types/react/index"' can only be default-imported using the 'esModuleInterop' flag
node_modules/next/dist/server/app-render/entry-base.d.ts(1,114): error TS2307: Cannot find module 'react-server-dom-webpack/server' or its corresponding type declarations.
node_modules/next/dist/server/app-render/entry-base.d.ts(2,27): error TS2307: Cannot find module 'react-server-dom-webpack/static' or its corresponding type declarations.
node_modules/next/dist/server/web/spec-extension/adapters/headers.d.ts(39,16): error TS2304: Cannot find name 'HeadersIterator'.
node_modules/next/dist/server/web/spec-extension/adapters/headers.d.ts(40,13): error TS2304: Cannot find name 'HeadersIterator'.
node_modules/next/dist/server/web/spec-extension/adapters/headers.d.ts(41,15): error TS2304: Cannot find name 'HeadersIterator'.
node_modules/next/dist/server/web/spec-extension/adapters/headers.d.ts(42,26): error TS2304: Cannot find name 'HeadersIterator'.
node_modules/next/dist/shared/lib/app-router-context.shared-runtime.d.ts(4,8): error TS1259: Module '"D:/cabipro/node_modules/@types/react/index"' can only be default-imported using the 'esModuleInterop' flag
node_modules/next/dist/shared/lib/app-router-types.d.ts(7,13): error TS1259: Module '"D:/cabipro/node_modules/@types/react/index"' can only be default-imported using the 'esModuleInterop' flag
node_modules/next/dist/shared/lib/head-manager-context.shared-runtime.d.ts(1,8): error TS1259: Module '"D:/cabipro/node_modules/@types/react/index"' can only be default-imported using the 'esModuleInterop' flag
node_modules/next/dist/shared/lib/image-config-context.shared-runtime.d.ts(1,8): error TS1259: Module '"D:/cabipro/node_modules/@types/react/index"' can only be default-imported using the 'esModuleInterop' flag
node_modules/next/dist/shared/lib/loadable-context.shared-runtime.d.ts(1,8): error TS1259: Module '"D:/cabipro/node_modules/@types/react/index"' can only be default-imported using the 'esModuleInterop' flag
node_modules/next/dist/shared/lib/loadable.shared-runtime.d.ts(21,8): error TS1259: Module '"D:/cabipro/node_modules/@types/react/index"' can only be default-imported using the 'esModuleInterop' flag
node_modules/next/dist/shared/lib/router-context.shared-runtime.d.ts(1,8): error TS1259: Module '"D:/cabipro/node_modules/@types/react/index"' can only be default-imported using the 'esModuleInterop' flag
node_modules/next/dist/shared/lib/server-inserted-html.shared-runtime.d.ts(1,8): error TS1259: Module '"D:/cabipro/node_modules/@types/react/index"' can only be default-imported using the 'esModuleInterop' flag
node_modules/next/dist/shared/lib/utils.d.ts(10,13): error TS1192: Module '"fs"' has no default export.
